university=ube collection=UNIV-BOURGOGNE site=docs/ube
full census (no date filter; rebuild from HAL)
[2026-09-27T10:03:06Z] census start collection=UNIV-BOURGOGNE since=*
HAL publications with linked identifiers (merged): 261
  query: (relatedData_s:*) OR (relatedPublication_s:10.*) OR (seeAlso_s:*)
  fetched this run: 261 (updated=0, inserted=261)
link tokens: 385
unique DOI candidates: 301
DataCite cache hits: 0; to resolve: 301
DataCite resolved 25/301
DataCite resolved 50/301
DataCite resolved 75/301
DataCite resolved 100/301
DataCite resolved 125/301
DataCite resolved 150/301
DataCite resolved 175/301
DataCite resolved 200/301
DataCite resolved 225/301
DataCite resolved 250/301
DataCite resolved 275/301
DataCite resolved 300/301
DataCite resolved 301/301
[2026-09-27T10:04:32Z] census done
harvesting SOFTWARE deposits (full)
harvesting data papers (docSubType_s:DATAPAPER)
updated dataset→publications index
synced focus links → data/ube/links.jsonl (61 hits)
harvesting institutional DataCite datasets (affiliation / ROR)
[2026-09-27T10:04:34Z] datacite census start university=ube
  query: (creators.affiliation.affiliationIdentifier:"https://ror.org/00g700j37" OR contributors.affiliation.affiliationIdentifier:"https://ror.org/00g700j37" OR creators.affiliation.name:"Université Bourgogne Europe" OR contributors.affiliation.name:"Université Bourgogne Europe" OR creators.affiliation.name:"Universite Bourgogne Europe" OR contributors.affiliation.name:"Universite Bourgogne Europe" OR creators.affiliation.name:"Université de Bourgogne" OR contributors.affiliation.name:"Université de Bourgogne" OR creators.affiliation.name:"Universite de Bourgogne" OR contributors.affiliation.name:"Universite de Bourgogne" OR creators.affiliation.name:"University of Burgundy" OR contributors.affiliation.name:"University of Burgundy") AND types.resourceTypeGeneral:Dataset
WARNING: DataCite institutional census failed: Client error '429 Too Many Requests' for url 'https://api.datacite.org/dois?query=%28creators.affiliation.affiliationIdentifier%3A%22https%3A%2F%2Fror.org%2F00g700j37%22+OR+contributors.affiliation.affiliationIdentifier%3A%22https%3A%2F%2Fror.org%2F00g700j37%22+OR+creators.affiliation.name%3A%22Universit%C3%A9+Bourgogne+Europe%22+OR+contributors.affiliation.name%3A%22Universit%C3%A9+Bourgogne+Europe%22+OR+creators.affiliation.name%3A%22Universite+Bourgogne+Europe%22+OR+contributors.affiliation.name%3A%22Universite+Bourgogne+Europe%22+OR+creators.affiliation.name%3A%22Universit%C3%A9+de+Bourgogne%22+OR+contributors.affiliation.name%3A%22Universit%C3%A9+de+Bourgogne%22+OR+creators.affiliation.name%3A%22Universite+de+Bourgogne%22+OR+contributors.affiliation.name%3A%22Universite+de+Bourgogne%22+OR+creators.affiliation.name%3A%22University+of+Burgundy%22+OR+contributors.affiliation.name%3A%22University+of+Burgundy%22%29+AND+types.resourceTypeGeneral%3ADataset&page%5Bsize%5D=1&page%5Bcursor%5D=1'
For more information check: https://developer.mozilla.org/en-US/docs/Web/HTTP/Status/429
wrote site → docs/ube/
